usage_count	read_cnt
1	126765
2	30016
3	8407
4	11925
5	1190
6	1405
7	240
8	285
9	125
