usage_count	read_cnt
1	253530
2	60032
3	16814
4	23850
5	2380
6	2810
7	480
8	570
9	250
