usage_count	read_cnt
1	75916
2	17982
3	4843
4	7155
5	714
6	843
7	144
8	171
9	75
