usage_count	read_cnt
1	151832
2	35964
3	9686
4	14310
5	1428
6	1686
7	288
8	342
9	150
